Archive member included because of file (symbol)

c:/program files/arm-none-eabi-gcc-4_6/bin/../lib/gcc/arm-none-eabi/4.6.2/../../../../arm-none-eabi/lib/armv7-m\libg.a(lib_a-memcpy.o)
                              ..\obj\nRF24L01P.o (memcpy)

Discarded input sections

 .text          0x00000000        0x0 ..\obj\core_cm3.o
 .data          0x00000000        0x0 ..\obj\core_cm3.o
 .bss           0x00000000        0x0 ..\obj\core_cm3.o
 .text.__get_PSP
                0x00000000       0x10 ..\obj\core_cm3.o
 .text.__set_PSP
                0x00000000        0x8 ..\obj\core_cm3.o
 .text.__get_MSP
                0x00000000       0x10 ..\obj\core_cm3.o
 .text.__set_MSP
                0x00000000        0x8 ..\obj\core_cm3.o
 .text.__get_BASEPRI
                0x00000000       0x20 ..\obj\core_cm3.o
 .text.__set_BASEPRI
                0x00000000       0x18 ..\obj\core_cm3.o
 .text.__get_PRIMASK
                0x00000000       0x20 ..\obj\core_cm3.o
 .text.__set_PRIMASK
                0x00000000       0x18 ..\obj\core_cm3.o
 .text.__get_FAULTMASK
                0x00000000       0x20 ..\obj\core_cm3.o
 .text.__set_FAULTMASK
                0x00000000       0x18 ..\obj\core_cm3.o
 .text.__get_CONTROL
                0x00000000       0x20 ..\obj\core_cm3.o
 .text.__set_CONTROL
                0x00000000       0x18 ..\obj\core_cm3.o
 .text.__REV    0x00000000       0x24 ..\obj\core_cm3.o
 .text.__REV16  0x00000000       0x24 ..\obj\core_cm3.o
 .text.__REVSH  0x00000000       0x24 ..\obj\core_cm3.o
 .text.__RBIT   0x00000000       0x24 ..\obj\core_cm3.o
 .text.__LDREXB
                0x00000000       0x24 ..\obj\core_cm3.o
 .text.__LDREXH
                0x00000000       0x24 ..\obj\core_cm3.o
 .text.__LDREXW
                0x00000000       0x24 ..\obj\core_cm3.o
 .text.__STREXB
                0x00000000       0x2c ..\obj\core_cm3.o
 .text.__STREXH
                0x00000000       0x2c ..\obj\core_cm3.o
 .text.__STREXW
                0x00000000       0x28 ..\obj\core_cm3.o
 .text          0x00000000        0x0 ..\obj\system_stm32f10x.o
 .data          0x00000000       0x14 ..\obj\system_stm32f10x.o
 .bss           0x00000000        0x0 ..\obj\system_stm32f10x.o
 .text.SystemCoreClockUpdate
                0x00000000      0x148 ..\obj\system_stm32f10x.o
 .text          0x00000000        0x0 ..\obj\startup_stm32f10x_hd.o
 .data          0x00000000        0x0 ..\obj\startup_stm32f10x_hd.o
 .bss           0x00000000        0x0 ..\obj\startup_stm32f10x_hd.o
 .text          0x00000000        0x0 ..\obj\nRF24L01P.o
 .text.nRF24L01_Set_TX_Address
                0x00000000       0x54 ..\obj\nRF24L01P.o
 .text.nRF24L01_Set_RX_Address
                0x00000000       0x54 ..\obj\nRF24L01P.o
 .text.RX_Mode  0x00000000       0xb8 ..\obj\nRF24L01P.o
 .text.nRF24L01_RxPacket
                0x00000000       0x50 ..\obj\nRF24L01P.o
 .text          0x00000000        0x0 ..\obj\stm32f10x_gpio.o
 .data          0x00000000        0x0 ..\obj\stm32f10x_gpio.o
 .bss           0x00000000        0x0 ..\obj\stm32f10x_gpio.o
 .text.GPIO_DeInit
                0x00000000      0x128 ..\obj\stm32f10x_gpio.o
 .text.GPIO_AFIODeInit
                0x00000000       0x20 ..\obj\stm32f10x_gpio.o
 .text.GPIO_StructInit
                0x00000000       0x2c ..\obj\stm32f10x_gpio.o
 .text.GPIO_ReadInputData
                0x00000000       0x1c ..\obj\stm32f10x_gpio.o
 .text.GPIO_ReadOutputDataBit
                0x00000000       0x3c ..\obj\stm32f10x_gpio.o
 .text.GPIO_ReadOutputData
                0x00000000       0x1c ..\obj\stm32f10x_gpio.o
 .text.GPIO_WriteBit
                0x00000000       0x30 ..\obj\stm32f10x_gpio.o
 .text.GPIO_Write
                0x00000000       0x1c ..\obj\stm32f10x_gpio.o
 .text.GPIO_PinLockConfig
                0x00000000       0x44 ..\obj\stm32f10x_gpio.o
 .text.GPIO_EventOutputConfig
                0x00000000       0x54 ..\obj\stm32f10x_gpio.o
 .text.GPIO_EventOutputCmd
                0x00000000       0x20 ..\obj\stm32f10x_gpio.o
 .text.GPIO_PinRemapConfig
                0x00000000      0x120 ..\obj\stm32f10x_gpio.o
 .text.GPIO_EXTILineConfig
                0x00000000       0xb4 ..\obj\stm32f10x_gpio.o
 .text.GPIO_ETH_MediaInterfaceConfig
                0x00000000       0x20 ..\obj\stm32f10x_gpio.o
 .text          0x00000000        0x0 ..\obj\main.o
 .data          0x00000000        0x0 ..\obj\main.o
 .text          0x00000000        0x0 ..\obj\stm32f10x_rcc.o
 .data          0x00000000       0x14 ..\obj\stm32f10x_rcc.o
 .bss           0x00000000        0x0 ..\obj\stm32f10x_rcc.o
 .text.RCC_DeInit
                0x00000000       0x9c ..\obj\stm32f10x_rcc.o
 .text.RCC_HSEConfig
                0x00000000       0x88 ..\obj\stm32f10x_rcc.o
 .text.RCC_WaitForHSEStartUp
                0x00000000       0x64 ..\obj\stm32f10x_rcc.o
 .text.RCC_AdjustHSICalibrationValue
                0x00000000       0x48 ..\obj\stm32f10x_rcc.o
 .text.RCC_HSICmd
                0x00000000       0x20 ..\obj\stm32f10x_rcc.o
 .text.RCC_PLLConfig
                0x00000000       0x48 ..\obj\stm32f10x_rcc.o
 .text.RCC_PLLCmd
                0x00000000       0x20 ..\obj\stm32f10x_rcc.o
 .text.RCC_SYSCLKConfig
                0x00000000       0x40 ..\obj\stm32f10x_rcc.o
 .text.RCC_GetSYSCLKSource
                0x00000000       0x20 ..\obj\stm32f10x_rcc.o
 .text.RCC_HCLKConfig
                0x00000000       0x40 ..\obj\stm32f10x_rcc.o
 .text.RCC_PCLK1Config
                0x00000000       0x40 ..\obj\stm32f10x_rcc.o
 .text.RCC_PCLK2Config
                0x00000000       0x44 ..\obj\stm32f10x_rcc.o
 .text.RCC_ITConfig
                0x00000000       0x60 ..\obj\stm32f10x_rcc.o
 .text.RCC_USBCLKConfig
                0x00000000       0x20 ..\obj\stm32f10x_rcc.o
 .text.RCC_ADCCLKConfig
                0x00000000       0x40 ..\obj\stm32f10x_rcc.o
 .text.RCC_LSEConfig
                0x00000000       0x60 ..\obj\stm32f10x_rcc.o
 .text.RCC_LSICmd
                0x00000000       0x20 ..\obj\stm32f10x_rcc.o
 .text.RCC_RTCCLKConfig
                0x00000000       0x2c ..\obj\stm32f10x_rcc.o
 .text.RCC_RTCCLKCmd
                0x00000000       0x20 ..\obj\stm32f10x_rcc.o
 .text.RCC_GetClocksFreq
                0x00000000      0x1d4 ..\obj\stm32f10x_rcc.o
 .text.RCC_AHBPeriphClockCmd
                0x00000000       0x58 ..\obj\stm32f10x_rcc.o
 .text.RCC_APB1PeriphClockCmd
                0x00000000       0x58 ..\obj\stm32f10x_rcc.o
 .text.RCC_APB2PeriphResetCmd
                0x00000000       0x58 ..\obj\stm32f10x_rcc.o
 .text.RCC_APB1PeriphResetCmd
                0x00000000       0x58 ..\obj\stm32f10x_rcc.o
 .text.RCC_BackupResetCmd
                0x00000000       0x20 ..\obj\stm32f10x_rcc.o
 .text.RCC_ClockSecuritySystemCmd
                0x00000000       0x20 ..\obj\stm32f10x_rcc.o
 .text.RCC_MCOConfig
                0x00000000       0x20 ..\obj\stm32f10x_rcc.o
 .text.RCC_GetFlagStatus
                0x00000000       0x90 ..\obj\stm32f10x_rcc.o
 .text.RCC_ClearFlag
                0x00000000       0x24 ..\obj\stm32f10x_rcc.o
 .text.RCC_GetITStatus
                0x00000000       0x40 ..\obj\stm32f10x_rcc.o
 .text.RCC_ClearITPendingBit
                0x00000000       0x20 ..\obj\stm32f10x_rcc.o
 .text          0x00000000        0x0 ..\obj\stm32f10x_spi.o
 .data          0x00000000        0x0 ..\obj\stm32f10x_spi.o
 .bss           0x00000000        0x0 ..\obj\stm32f10x_spi.o
 .text.SPI_I2S_DeInit
                0x00000000       0x88 ..\obj\stm32f10x_spi.o
 .text.I2S_Init
                0x00000000      0x198 ..\obj\stm32f10x_spi.o
 .text.SPI_StructInit
                0x00000000       0x5c ..\obj\stm32f10x_spi.o
 .text.I2S_StructInit
                0x00000000       0x44 ..\obj\stm32f10x_spi.o
 .text.I2S_Cmd  0x00000000       0x40 ..\obj\stm32f10x_spi.o
 .text.SPI_I2S_ITConfig
                0x00000000       0x6c ..\obj\stm32f10x_spi.o
 .text.SPI_I2S_DMACmd
                0x00000000       0x48 ..\obj\stm32f10x_spi.o
 .text.SPI_NSSInternalSoftwareConfig
                0x00000000       0x44 ..\obj\stm32f10x_spi.o
 .text.SPI_SSOutputCmd
                0x00000000       0x40 ..\obj\stm32f10x_spi.o
 .text.SPI_DataSizeConfig
                0x00000000       0x38 ..\obj\stm32f10x_spi.o
 .text.SPI_TransmitCRC
                0x00000000       0x24 ..\obj\stm32f10x_spi.o
 .text.SPI_CalculateCRC
                0x00000000       0x40 ..\obj\stm32f10x_spi.o
 .text.SPI_GetCRC
                0x00000000       0x34 ..\obj\stm32f10x_spi.o
 .text.SPI_GetCRCPolynomial
                0x00000000       0x1c ..\obj\stm32f10x_spi.o
 .text.SPI_BiDirectionalLineConfig
                0x00000000       0x40 ..\obj\stm32f10x_spi.o
 .text.SPI_I2S_ClearFlag
                0x00000000       0x24 ..\obj\stm32f10x_spi.o
 .text.SPI_I2S_GetITStatus
                0x00000000       0x88 ..\obj\stm32f10x_spi.o
 .text.SPI_I2S_ClearITPendingBit
                0x00000000       0x38 ..\obj\stm32f10x_spi.o
 .data          0x00000000        0x0 c:/program files/arm-none-eabi-gcc-4_6/bin/../lib/gcc/arm-none-eabi/4.6.2/../../../../arm-none-eabi/lib/armv7-m\libg.a(lib_a-memcpy.o)
 .bss           0x00000000        0x0 c:/program files/arm-none-eabi-gcc-4_6/bin/../lib/gcc/arm-none-eabi/4.6.2/../../../../arm-none-eabi/lib/armv7-m\libg.a(lib_a-memcpy.o)

Memory Configuration

Name             Origin             Length             Attributes
rom              0x08000000         0x00040000         xr
ram              0x20000000         0x0000c000         xrw
*default*        0x00000000         0xffffffff

Linker script and memory map

                0x2000c000                _eram = 0x2000c000

.text           0x08000000      0xfbc
 *(.isr_vector .isr_vector.*)
 .isr_vector    0x08000000      0x134 ..\obj\startup_stm32f10x_hd.o
                0x08000000                g_pfnVectors
 *(.text .text.* .gnu.linkonce.t.*)
 .text.SystemInit
                0x08000134       0xac ..\obj\system_stm32f10x.o
                0x08000134                SystemInit
 .text.SetSysClock
                0x080001e0        0xc ..\obj\system_stm32f10x.o
 .text.SetSysClockTo24
                0x080001ec      0x1a4 ..\obj\system_stm32f10x.o
 .text.Default_Reset_Handler
                0x08000390       0x6c ..\obj\startup_stm32f10x_hd.o
                0x08000390                Default_Reset_Handler
                0x08000390                Reset_Handler
 .text.Default_Handler
                0x080003fc        0x8 ..\obj\startup_stm32f10x_hd.o
                0x080003fc                EXTI2_IRQHandler
                0x080003fc                TIM8_TRG_COM_IRQHandler
                0x080003fc                TIM8_CC_IRQHandler
                0x080003fc                DebugMon_Handler
                0x080003fc                TIM1_CC_IRQHandler
                0x080003fc                HardFault_Handler
                0x080003fc                TIM6_IRQHandler
                0x080003fc                SysTick_Handler
                0x080003fc                PVD_IRQHandler
                0x080003fc                SDIO_IRQHandler
                0x080003fc                PendSV_Handler
                0x080003fc                NMI_Handler
                0x080003fc                EXTI3_IRQHandler
                0x080003fc                EXTI0_IRQHandler
                0x080003fc                I2C2_EV_IRQHandler
                0x080003fc                UsageFault_Handler
                0x080003fc                ADC1_2_IRQHandler
                0x080003fc                SPI1_IRQHandler
                0x080003fc                TAMPER_IRQHandler
                0x080003fc                TIM8_UP_IRQHandler
                0x080003fc                DMA2_Channel2_IRQHandler
                0x080003fc                DMA1_Channel4_IRQHandler
                0x080003fc                USART3_IRQHandler
                0x080003fc                RTC_IRQHandler
                0x080003fc                DMA1_Channel7_IRQHandler
                0x080003fc                CAN1_RX1_IRQHandler
                0x080003fc                UART5_IRQHandler
                0x080003fc                ADC3_IRQHandler
                0x080003fc                TIM4_IRQHandler
                0x080003fc                DMA2_Channel1_IRQHandler
                0x080003fc                I2C1_EV_IRQHandler
                0x080003fc                DMA1_Channel6_IRQHandler
                0x080003fc                UART4_IRQHandler
                0x080003fc                TIM3_IRQHandler
                0x080003fc                RCC_IRQHandler
                0x080003fc                TIM1_TRG_COM_IRQHandler
                0x080003fc                DMA1_Channel1_IRQHandler
                0x080003fc                EXTI15_10_IRQHandler
                0x080003fc                TIM7_IRQHandler
                0x080003fc                TIM5_IRQHandler
                0x080003fc                EXTI9_5_IRQHandler
                0x080003fc                SPI2_IRQHandler
                0x080003fc                MemManage_Handler
                0x080003fc                SVC_Handler
                0x080003fc                DMA1_Channel5_IRQHandler
                0x080003fc                EXTI4_IRQHandler
                0x080003fc                USB_LP_CAN1_RX0_IRQHandler
                0x080003fc                USB_HP_CAN1_TX_IRQHandler
                0x080003fc                DMA1_Channel3_IRQHandler
                0x080003fc                FSMC_IRQHandler
                0x080003fc                TIM1_UP_IRQHandler
                0x080003fc                WWDG_IRQHandler
                0x080003fc                TIM2_IRQHandler
                0x080003fc                TIM1_BRK_IRQHandler
                0x080003fc                EXTI1_IRQHandler
                0x080003fc                RTCAlarm_IRQHandler
                0x080003fc                DMA2_Channel4_5_IRQHandler
                0x080003fc                USART2_IRQHandler
                0x080003fc                I2C2_ER_IRQHandler
                0x080003fc                DMA1_Channel2_IRQHandler
                0x080003fc                TIM8_BRK_IRQHandler
                0x080003fc                CAN1_SCE_IRQHandler
                0x080003fc                FLASH_IRQHandler
                0x080003fc                BusFault_Handler
                0x080003fc                USART1_IRQHandler
                0x080003fc                SPI3_IRQHandler
                0x080003fc                I2C1_ER_IRQHandler
                0x080003fc                USBWakeUp_IRQHandler
                0x080003fc                DMA2_Channel3_IRQHandler
 .text.nRF24L01_Config
                0x08000404      0x138 ..\obj\nRF24L01P.o
                0x08000404                nRF24L01_Config
 .text.TX_Mode  0x0800053c       0xa0 ..\obj\nRF24L01P.o
                0x0800053c                TX_Mode
 .text.nRF24L01_TxPacket
                0x080005dc       0xc4 ..\obj\nRF24L01P.o
                0x080005dc                nRF24L01_TxPacket
 .text.SPI_RD_Reg
                0x080006a0       0x34 ..\obj\nRF24L01P.o
                0x080006a0                SPI_RD_Reg
 .text.SPI_WR_Reg
                0x080006d4       0x38 ..\obj\nRF24L01P.o
                0x080006d4                SPI_WR_Reg
 .text.SPI_Read_Buf
                0x0800070c       0x5c ..\obj\nRF24L01P.o
                0x0800070c                SPI_Read_Buf
 .text.SPI_Write_Buf
                0x08000768       0x58 ..\obj\nRF24L01P.o
                0x08000768                SPI_Write_Buf
 .text.nRF24L01_SPI_Send_Byte
                0x080007c0       0x68 ..\obj\nRF24L01P.o
                0x080007c0                nRF24L01_SPI_Send_Byte
 .text.nRF24L01_SPI_NSS_H
                0x08000828       0x18 ..\obj\nRF24L01P.o
                0x08000828                nRF24L01_SPI_NSS_H
 .text.nRF24L01_SPI_NSS_L
                0x08000840       0x18 ..\obj\nRF24L01P.o
                0x08000840                nRF24L01_SPI_NSS_L
 .text.nRF24L01_SPI_CE_H
                0x08000858       0x18 ..\obj\nRF24L01P.o
                0x08000858                nRF24L01_SPI_CE_H
 .text.nRF24L01_SPI_CE_L
                0x08000870       0x18 ..\obj\nRF24L01P.o
                0x08000870                nRF24L01_SPI_CE_L
 .text.nRF24L01_HW_Init
                0x08000888      0x114 ..\obj\nRF24L01P.o
                0x08000888                nRF24L01_HW_Init
 .text.NRF24L01_Check
                0x0800099c       0x88 ..\obj\nRF24L01P.o
                0x0800099c                NRF24L01_Check
 .text.nRF24L01_Delay_us
                0x08000a24       0x4c ..\obj\nRF24L01P.o
                0x08000a24                nRF24L01_Delay_us
 .text.GPIO_Init
                0x08000a70      0x1b0 ..\obj\stm32f10x_gpio.o
                0x08000a70                GPIO_Init
 .text.GPIO_ReadInputDataBit
                0x08000c20       0x3c ..\obj\stm32f10x_gpio.o
                0x08000c20                GPIO_ReadInputDataBit
 .text.GPIO_SetBits
                0x08000c5c       0x1c ..\obj\stm32f10x_gpio.o
                0x08000c5c                GPIO_SetBits
 .text.GPIO_ResetBits
                0x08000c78       0x1c ..\obj\stm32f10x_gpio.o
                0x08000c78                GPIO_ResetBits
 .text.NRF_Send
                0x08000c94       0x9c ..\obj\main.o
                0x08000c94                NRF_Send
 .text.main     0x08000d30       0x68 ..\obj\main.o
                0x08000d30                main
 .text.RCC_APB2PeriphClockCmd
                0x08000d98       0x58 ..\obj\stm32f10x_rcc.o
                0x08000d98                RCC_APB2PeriphClockCmd
 .text.SPI_Init
                0x08000df0       0x88 ..\obj\stm32f10x_spi.o
                0x08000df0                SPI_Init
 .text.SPI_Cmd  0x08000e78       0x40 ..\obj\stm32f10x_spi.o
                0x08000e78                SPI_Cmd
 .text.SPI_I2S_SendData
                0x08000eb8       0x1c ..\obj\stm32f10x_spi.o
                0x08000eb8                SPI_I2S_SendData
 .text.SPI_I2S_ReceiveData
                0x08000ed4       0x1c ..\obj\stm32f10x_spi.o
                0x08000ed4                SPI_I2S_ReceiveData
 .text.SPI_I2S_GetFlagStatus
                0x08000ef0       0x40 ..\obj\stm32f10x_spi.o
                0x08000ef0                SPI_I2S_GetFlagStatus
 .text          0x08000f30       0x84 c:/program files/arm-none-eabi-gcc-4_6/bin/../lib/gcc/arm-none-eabi/4.6.2/../../../../arm-none-eabi/lib/armv7-m\libg.a(lib_a-memcpy.o)
                0x08000f30                memcpy
 *(.glue_7t)
 .glue_7t       0x00000000        0x0 linker stubs
 *(.glue_7)
 .glue_7        0x00000000        0x0 linker stubs
 *(.rodata .rodata* .gnu.linkonce.r.*)
 .rodata        0x08000fb4        0x8 ..\obj\nRF24L01P.o

.vfp11_veneer   0x08000fbc        0x0
 .vfp11_veneer  0x00000000        0x0 linker stubs

.v4_bx          0x08000fbc        0x0
 .v4_bx         0x00000000        0x0 linker stubs

.ARM.extab
 *(.ARM.extab* .gnu.linkonce.armextab.*)
                0x08000fbc                __exidx_start = .

.ARM.exidx
 *(.ARM.exidx* .gnu.linkonce.armexidx.*)
                0x08000fbc                __exidx_end = .
                0x08000fbc                . = ALIGN (0x4)
                0x08000fbc                _etext = .
                0x08000fbc                _sidata = .

.data           0x20000000       0x10 load address 0x08000fbc
                0x20000000                _sdata = .
 *(.data .data.*)
 .data          0x20000000       0x10 ..\obj\nRF24L01P.o
                0x20000000                TX_ADDRESS
                0x20000008                RX_ADDRESS
                0x20000010                . = ALIGN (0x4)
                0x20000010                _edata = .

.bss            0x20000010       0x14 load address 0x08000fcc
                0x20000010                _sbss = .
 *(.bss .bss.*)
 .bss           0x20000010       0x10 ..\obj\nRF24L01P.o
                0x20000010                TxBuf
                0x20000018                RxBuf
                0x2000001d                nRF24L01_Freq
                0x2000001e                nRF24L01_power_rate
 .bss           0x20000020        0x1 ..\obj\main.o
 *(COMMON)
                0x20000024                . = ALIGN (0x4)
 *fill*         0x20000021        0x3 00
                0x20000024                _ebss = .

.co_stack       0x20000024      0x404 load address 0x08000fe0
                0x20000028                . = ALIGN (0x8)
 *fill*         0x20000024        0x4 00
 *(.co_stack .co_stack.*)
 .co_stack      0x20000028      0x400 ..\obj\startup_stm32f10x_hd.o
                0x20000028                pulStack
                0x20000428                . = ALIGN (0x4)
                0x20000428                _end = .
LOAD ..\obj\core_cm3.o
LOAD ..\obj\system_stm32f10x.o
LOAD ..\obj\startup_stm32f10x_hd.o
LOAD ..\obj\nRF24L01P.o
LOAD ..\obj\stm32f10x_gpio.o
LOAD ..\obj\main.o
LOAD ..\obj\stm32f10x_rcc.o
LOAD ..\obj\stm32f10x_spi.o
START GROUP
LOAD c:/program files/arm-none-eabi-gcc-4_6/bin/../lib/gcc/arm-none-eabi/4.6.2/armv7-m\libgcc.a
LOAD c:/program files/arm-none-eabi-gcc-4_6/bin/../lib/gcc/arm-none-eabi/4.6.2/../../../../arm-none-eabi/lib/armv7-m\libg.a
LOAD c:/program files/arm-none-eabi-gcc-4_6/bin/../lib/gcc/arm-none-eabi/4.6.2/../../../../arm-none-eabi/lib/armv7-m\libc.a
END GROUP
OUTPUT(stm32nrf.elf elf32-littlearm)

.debug_info     0x00000000     0x2fd8
 .debug_info    0x00000000      0x548 ..\obj\core_cm3.o
 .debug_info    0x00000548      0x4a0 ..\obj\system_stm32f10x.o
 .debug_info    0x000009e8      0x131 ..\obj\startup_stm32f10x_hd.o
 .debug_info    0x00000b19      0x8c1 ..\obj\nRF24L01P.o
 .debug_info    0x000013da      0x723 ..\obj\stm32f10x_gpio.o
 .debug_info    0x00001afd      0x269 ..\obj\main.o
 .debug_info    0x00001d66      0x901 ..\obj\stm32f10x_rcc.o
 .debug_info    0x00002667      0x971 ..\obj\stm32f10x_spi.o

.debug_abbrev   0x00000000      0xaa7
 .debug_abbrev  0x00000000       0xd5 ..\obj\core_cm3.o
 .debug_abbrev  0x000000d5      0x17e ..\obj\system_stm32f10x.o
 .debug_abbrev  0x00000253       0xa3 ..\obj\startup_stm32f10x_hd.o
 .debug_abbrev  0x000002f6      0x1f9 ..\obj\nRF24L01P.o
 .debug_abbrev  0x000004ef      0x1a4 ..\obj\stm32f10x_gpio.o
 .debug_abbrev  0x00000693      0x126 ..\obj\main.o
 .debug_abbrev  0x000007b9      0x191 ..\obj\stm32f10x_rcc.o
 .debug_abbrev  0x0000094a      0x15d ..\obj\stm32f10x_spi.o

.debug_loc      0x00000000     0x194c
 .debug_loc     0x00000000      0x3f0 ..\obj\core_cm3.o
 .debug_loc     0x000003f0       0xc8 ..\obj\system_stm32f10x.o
 .debug_loc     0x000004b8       0x64 ..\obj\startup_stm32f10x_hd.o
 .debug_loc     0x0000051c      0x3f8 ..\obj\nRF24L01P.o
 .debug_loc     0x00000914      0x3e4 ..\obj\stm32f10x_gpio.o
 .debug_loc     0x00000cf8       0x70 ..\obj\main.o
 .debug_loc     0x00000d68      0x6dc ..\obj\stm32f10x_rcc.o
 .debug_loc     0x00001444      0x508 ..\obj\stm32f10x_spi.o

.debug_aranges  0x00000000      0x490
 .debug_aranges
                0x00000000       0xc8 ..\obj\core_cm3.o
 .debug_aranges
                0x000000c8       0x38 ..\obj\system_stm32f10x.o
 .debug_aranges
                0x00000100       0x28 ..\obj\startup_stm32f10x_hd.o
 .debug_aranges
                0x00000128       0xb0 ..\obj\nRF24L01P.o
 .debug_aranges
                0x000001d8       0xa8 ..\obj\stm32f10x_gpio.o
 .debug_aranges
                0x00000280       0x28 ..\obj\main.o
 .debug_aranges
                0x000002a8      0x118 ..\obj\stm32f10x_rcc.o
 .debug_aranges
                0x000003c0       0xd0 ..\obj\stm32f10x_spi.o

.debug_ranges   0x00000000      0x410
 .debug_ranges  0x00000000       0xb8 ..\obj\core_cm3.o
 .debug_ranges  0x000000b8       0x28 ..\obj\system_stm32f10x.o
 .debug_ranges  0x000000e0       0x18 ..\obj\startup_stm32f10x_hd.o
 .debug_ranges  0x000000f8       0xa0 ..\obj\nRF24L01P.o
 .debug_ranges  0x00000198       0x98 ..\obj\stm32f10x_gpio.o
 .debug_ranges  0x00000230       0x18 ..\obj\main.o
 .debug_ranges  0x00000248      0x108 ..\obj\stm32f10x_rcc.o
 .debug_ranges  0x00000350       0xc0 ..\obj\stm32f10x_spi.o

.debug_line     0x00000000     0x1528
 .debug_line    0x00000000      0x273 ..\obj\core_cm3.o
 .debug_line    0x00000273      0x1f0 ..\obj\system_stm32f10x.o
 .debug_line    0x00000463       0x97 ..\obj\startup_stm32f10x_hd.o
 .debug_line    0x000004fa      0x391 ..\obj\nRF24L01P.o
 .debug_line    0x0000088b      0x32e ..\obj\stm32f10x_gpio.o
 .debug_line    0x00000bb9      0x192 ..\obj\main.o
 .debug_line    0x00000d4b      0x43c ..\obj\stm32f10x_rcc.o
 .debug_line    0x00001187      0x3a1 ..\obj\stm32f10x_spi.o

.debug_str      0x00000000     0x119c
 .debug_str     0x00000000      0x217 ..\obj\core_cm3.o
                                0x25b (size before relaxing)
 .debug_str     0x00000217      0x169 ..\obj\system_stm32f10x.o
                                0x26e (size before relaxing)
 .debug_str     0x00000380       0xa5 ..\obj\startup_stm32f10x_hd.o
                                0x10d (size before relaxing)
 .debug_str     0x00000425      0x42d ..\obj\nRF24L01P.o
                                0x52c (size before relaxing)
 .debug_str     0x00000852      0x26e ..\obj\stm32f10x_gpio.o
                                0x4a8 (size before relaxing)
 .debug_str     0x00000ac0       0x47 ..\obj\main.o
                                0x264 (size before relaxing)
 .debug_str     0x00000b07      0x3dd ..\obj\stm32f10x_rcc.o
                                0x5a9 (size before relaxing)
 .debug_str     0x00000ee4      0x2b8 ..\obj\stm32f10x_spi.o
                                0x58c (size before relaxing)

.comment        0x00000000       0x70
 .comment       0x00000000       0x70 ..\obj\core_cm3.o
                                 0x71 (size before relaxing)
 .comment       0x00000000       0x71 ..\obj\system_stm32f10x.o
 .comment       0x00000000       0x71 ..\obj\startup_stm32f10x_hd.o
 .comment       0x00000000       0x71 ..\obj\nRF24L01P.o
 .comment       0x00000000       0x71 ..\obj\stm32f10x_gpio.o
 .comment       0x00000000       0x71 ..\obj\main.o
 .comment       0x00000000       0x71 ..\obj\stm32f10x_rcc.o
 .comment       0x00000000       0x71 ..\obj\stm32f10x_spi.o

.ARM.attributes
                0x00000000       0x33
 .ARM.attributes
                0x00000000       0x33 ..\obj\core_cm3.o
 .ARM.attributes
                0x00000033       0x33 ..\obj\system_stm32f10x.o
 .ARM.attributes
                0x00000066       0x33 ..\obj\startup_stm32f10x_hd.o
 .ARM.attributes
                0x00000099       0x33 ..\obj\nRF24L01P.o
 .ARM.attributes
                0x000000cc       0x33 ..\obj\stm32f10x_gpio.o
 .ARM.attributes
                0x000000ff       0x33 ..\obj\main.o
 .ARM.attributes
                0x00000132       0x33 ..\obj\stm32f10x_rcc.o
 .ARM.attributes
                0x00000165       0x33 ..\obj\stm32f10x_spi.o
 .ARM.attributes
                0x00000198       0x2d c:/program files/arm-none-eabi-gcc-4_6/bin/../lib/gcc/arm-none-eabi/4.6.2/../../../../arm-none-eabi/lib/armv7-m\libg.a(lib_a-memcpy.o)

.debug_frame    0x00000000      0xe48
 .debug_frame   0x00000000      0x280 ..\obj\core_cm3.o
 .debug_frame   0x00000280       0x80 ..\obj\system_stm32f10x.o
 .debug_frame   0x00000300       0x48 ..\obj\startup_stm32f10x_hd.o
 .debug_frame   0x00000348      0x250 ..\obj\nRF24L01P.o
 .debug_frame   0x00000598      0x210 ..\obj\stm32f10x_gpio.o
 .debug_frame   0x000007a8       0x50 ..\obj\main.o
 .debug_frame   0x000007f8      0x388 ..\obj\stm32f10x_rcc.o
 .debug_frame   0x00000b80      0x29c ..\obj\stm32f10x_spi.o
 .debug_frame   0x00000e1c       0x2c c:/program files/arm-none-eabi-gcc-4_6/bin/../lib/gcc/arm-none-eabi/4.6.2/../../../../arm-none-eabi/lib/armv7-m\libg.a(lib_a-memcpy.o)
