Archive member included to satisfy reference by file (symbol)

c:/program files (x86)/gnu tools arm embedded/6 2017-q2-update/bin/../lib/gcc/arm-none-eabi/6.3.1/thumb/v6-m\libgcc.a(_udivsi3.o)
                              ..\obj\stm32f0xx_rcc.o (__aeabi_uidiv)
c:/program files (x86)/gnu tools arm embedded/6 2017-q2-update/bin/../lib/gcc/arm-none-eabi/6.3.1/thumb/v6-m\libgcc.a(_dvmd_tls.o)
                              c:/program files (x86)/gnu tools arm embedded/6 2017-q2-update/bin/../lib/gcc/arm-none-eabi/6.3.1/thumb/v6-m\libgcc.a(_udivsi3.o) (__aeabi_idiv0)

Allocating common symbols
Common symbol       size              file

dirty_buf           0xc8              ..\obj\main.o
buf                 0xc8              ..\obj\main.o

Discarded input sections

 .text          0x00000000        0x0 ..\obj\stm32f0xx_rcc.o
 .bss           0x00000000        0x0 ..\obj\stm32f0xx_rcc.o
 .text.RCC_DeInit
                0x00000000       0x88 ..\obj\stm32f0xx_rcc.o
 .text.RCC_HSEConfig
                0x00000000       0x28 ..\obj\stm32f0xx_rcc.o
 .text.RCC_WaitForHSEStartUp
                0x00000000       0x5e ..\obj\stm32f0xx_rcc.o
 .text.RCC_AdjustHSICalibrationValue
                0x00000000       0x3c ..\obj\stm32f0xx_rcc.o
 .text.RCC_HSICmd
                0x00000000       0x3c ..\obj\stm32f0xx_rcc.o
 .text.RCC_AdjustHSI14CalibrationValue
                0x00000000       0x3c ..\obj\stm32f0xx_rcc.o
 .text.RCC_HSI14Cmd
                0x00000000       0x3c ..\obj\stm32f0xx_rcc.o
 .text.RCC_HSI14ADCRequestCmd
                0x00000000       0x3c ..\obj\stm32f0xx_rcc.o
 .text.RCC_LSEConfig
                0x00000000       0x38 ..\obj\stm32f0xx_rcc.o
 .text.RCC_LSEDriveConfig
                0x00000000       0x2c ..\obj\stm32f0xx_rcc.o
 .text.RCC_LSICmd
                0x00000000       0x3c ..\obj\stm32f0xx_rcc.o
 .text.RCC_PLLConfig
                0x00000000       0x38 ..\obj\stm32f0xx_rcc.o
 .text.RCC_PLLCmd
                0x00000000       0x40 ..\obj\stm32f0xx_rcc.o
 .text.RCC_PREDIV1Config
                0x00000000       0x34 ..\obj\stm32f0xx_rcc.o
 .text.RCC_ClockSecuritySystemCmd
                0x00000000       0x40 ..\obj\stm32f0xx_rcc.o
 .text.RCC_MCOConfig
                0x00000000       0x48 ..\obj\stm32f0xx_rcc.o
 .text.RCC_SYSCLKConfig
                0x00000000       0x34 ..\obj\stm32f0xx_rcc.o
 .text.RCC_GetSYSCLKSource
                0x00000000       0x1c ..\obj\stm32f0xx_rcc.o
 .text.RCC_HCLKConfig
                0x00000000       0x34 ..\obj\stm32f0xx_rcc.o
 .text.RCC_PCLKConfig
                0x00000000       0x38 ..\obj\stm32f0xx_rcc.o
 .text.RCC_ADCCLKConfig
                0x00000000       0x54 ..\obj\stm32f0xx_rcc.o
 .text.RCC_CECCLKConfig
                0x00000000       0x2c ..\obj\stm32f0xx_rcc.o
 .text.RCC_I2CCLKConfig
                0x00000000       0x2c ..\obj\stm32f0xx_rcc.o
 .text.RCC_USARTCLKConfig
                0x00000000       0x2c ..\obj\stm32f0xx_rcc.o
 .text.RCC_RTCCLKConfig
                0x00000000       0x20 ..\obj\stm32f0xx_rcc.o
 .text.RCC_RTCCLKCmd
                0x00000000       0x40 ..\obj\stm32f0xx_rcc.o
 .text.RCC_BackupResetCmd
                0x00000000       0x40 ..\obj\stm32f0xx_rcc.o
 .text.RCC_APB2PeriphClockCmd
                0x00000000       0x40 ..\obj\stm32f0xx_rcc.o
 .text.RCC_AHBPeriphResetCmd
                0x00000000       0x40 ..\obj\stm32f0xx_rcc.o
 .text.RCC_APB2PeriphResetCmd
                0x00000000       0x40 ..\obj\stm32f0xx_rcc.o
 .text.RCC_APB1PeriphResetCmd
                0x00000000       0x40 ..\obj\stm32f0xx_rcc.o
 .text.RCC_ITConfig
                0x00000000       0x50 ..\obj\stm32f0xx_rcc.o
 .text.RCC_GetFlagStatus
                0x00000000       0x94 ..\obj\stm32f0xx_rcc.o
 .text.RCC_ClearFlag
                0x00000000       0x1c ..\obj\stm32f0xx_rcc.o
 .text.RCC_GetITStatus
                0x00000000       0x44 ..\obj\stm32f0xx_rcc.o
 .text.RCC_ClearITPendingBit
                0x00000000       0x20 ..\obj\stm32f0xx_rcc.o
 .text          0x00000000        0x0 ..\obj\main.o
 .data          0x00000000       0x14 ..\obj\main.o
 .text.xor_csum
                0x00000000       0x5a ..\obj\main.o
 .text.Out_Pelco_D
                0x00000000       0x8c ..\obj\main.o
 .text.Out_Pelco_D1
                0x00000000       0x8c ..\obj\main.o
 .text.Camera_Save_position
                0x00000000       0x38 ..\obj\main.o
 .text.Camera_Move_position
                0x00000000       0x38 ..\obj\main.o
 .text.Camera_Wiper
                0x00000000       0x2c ..\obj\main.o
 .text.Camera_Run_Tur_1
                0x00000000       0x2c ..\obj\main.o
 .text.get_address
                0x00000000      0x11c ..\obj\main.o
 .text          0x00000000       0x14 ..\obj\startup_stm32f0xx.o
 .data          0x00000000        0x0 ..\obj\startup_stm32f0xx.o
 .bss           0x00000000        0x0 ..\obj\startup_stm32f0xx.o
 .text          0x00000000        0x0 ..\obj\system_stm32f0xx_temp.o
 .bss           0x00000000        0x0 ..\obj\system_stm32f0xx_temp.o
 .text.SystemCoreClockUpdate1
                0x00000000       0xd4 ..\obj\system_stm32f0xx_temp.o
 .text          0x00000000        0x0 ..\obj\stm32f0xx_gpio.o
 .data          0x00000000        0x0 ..\obj\stm32f0xx_gpio.o
 .bss           0x00000000        0x0 ..\obj\stm32f0xx_gpio.o
 .text.GPIO_DeInit
                0x00000000       0xcc ..\obj\stm32f0xx_gpio.o
 .text.GPIO_StructInit
                0x00000000       0x34 ..\obj\stm32f0xx_gpio.o
 .text.GPIO_PinLockConfig
                0x00000000       0x46 ..\obj\stm32f0xx_gpio.o
 .text.GPIO_ReadInputDataBit
                0x00000000       0x48 ..\obj\stm32f0xx_gpio.o
 .text.GPIO_ReadOutputDataBit
                0x00000000       0x48 ..\obj\stm32f0xx_gpio.o
 .text.GPIO_ReadOutputData
                0x00000000       0x16 ..\obj\stm32f0xx_gpio.o
 .text.GPIO_WriteBit
                0x00000000       0x3a ..\obj\stm32f0xx_gpio.o
 .text.GPIO_Write
                0x00000000       0x1e ..\obj\stm32f0xx_gpio.o
 .text.GPIO_PinAFConfig
                0x00000000       0xa4 ..\obj\stm32f0xx_gpio.o
 .text          0x00000000        0x0 ..\obj\stm32f0xx_usart.o
 .data          0x00000000        0x0 ..\obj\stm32f0xx_usart.o
 .bss           0x00000000        0x0 ..\obj\stm32f0xx_usart.o
 .text.USART_DeInit
                0x00000000       0x5c ..\obj\stm32f0xx_usart.o
 .text.USART_StructInit
                0x00000000       0x36 ..\obj\stm32f0xx_usart.o
 .text.USART_ClockInit
                0x00000000       0x4c ..\obj\stm32f0xx_usart.o
 .text.USART_ClockStructInit
                0x00000000       0x28 ..\obj\stm32f0xx_usart.o
 .text.USART_DirectionModeCmd
                0x00000000       0x3a ..\obj\stm32f0xx_usart.o
 .text.USART_OverSampling8Cmd
                0x00000000       0x40 ..\obj\stm32f0xx_usart.o
 .text.USART_OneBitMethodCmd
                0x00000000       0x40 ..\obj\stm32f0xx_usart.o
 .text.USART_MSBFirstCmd
                0x00000000       0x40 ..\obj\stm32f0xx_usart.o
 .text.USART_DataInvCmd
                0x00000000       0x40 ..\obj\stm32f0xx_usart.o
 .text.USART_InvPinCmd
                0x00000000       0x3a ..\obj\stm32f0xx_usart.o
 .text.USART_SWAPPinCmd
                0x00000000       0x40 ..\obj\stm32f0xx_usart.o
 .text.USART_ReceiverTimeOutCmd
                0x00000000       0x40 ..\obj\stm32f0xx_usart.o
 .text.USART_SetReceiverTimeOut
                0x00000000       0x2a ..\obj\stm32f0xx_usart.o
 .text.USART_SetPrescaler
                0x00000000       0x3a ..\obj\stm32f0xx_usart.o
 .text.USART_STOPModeCmd
                0x00000000       0x3a ..\obj\stm32f0xx_usart.o
 .text.USART_StopModeWakeUpSourceConfig
                0x00000000       0x30 ..\obj\stm32f0xx_usart.o
 .text.USART_AutoBaudRateCmd
                0x00000000       0x40 ..\obj\stm32f0xx_usart.o
 .text.USART_AutoBaudRateConfig
                0x00000000       0x30 ..\obj\stm32f0xx_usart.o
 .text.USART_SetAddress
                0x00000000       0x32 ..\obj\stm32f0xx_usart.o
 .text.USART_MuteModeCmd
                0x00000000       0x40 ..\obj\stm32f0xx_usart.o
 .text.USART_MuteModeWakeUpConfig
                0x00000000       0x30 ..\obj\stm32f0xx_usart.o
 .text.USART_AddressDetectionConfig
                0x00000000       0x2c ..\obj\stm32f0xx_usart.o
 .text.USART_LINBreakDetectLengthConfig
                0x00000000       0x2c ..\obj\stm32f0xx_usart.o
 .text.USART_LINCmd
                0x00000000       0x40 ..\obj\stm32f0xx_usart.o
 .text.USART_HalfDuplexCmd
                0x00000000       0x3a ..\obj\stm32f0xx_usart.o
 .text.USART_SetGuardTime
                0x00000000       0x3e ..\obj\stm32f0xx_usart.o
 .text.USART_SmartCardCmd
                0x00000000       0x3a ..\obj\stm32f0xx_usart.o
 .text.USART_SmartCardNACKCmd
                0x00000000       0x3a ..\obj\stm32f0xx_usart.o
 .text.USART_SetAutoRetryCount
                0x00000000       0x38 ..\obj\stm32f0xx_usart.o
 .text.USART_SetBlockLength
                0x00000000       0x32 ..\obj\stm32f0xx_usart.o
 .text.USART_IrDAConfig
                0x00000000       0x2c ..\obj\stm32f0xx_usart.o
 .text.USART_IrDACmd
                0x00000000       0x3a ..\obj\stm32f0xx_usart.o
 .text.USART_DECmd
                0x00000000       0x40 ..\obj\stm32f0xx_usart.o
 .text.USART_DEPolarityConfig
                0x00000000       0x30 ..\obj\stm32f0xx_usart.o
 .text.USART_SetDEAssertionTime
                0x00000000       0x30 ..\obj\stm32f0xx_usart.o
 .text.USART_SetDEDeassertionTime
                0x00000000       0x30 ..\obj\stm32f0xx_usart.o
 .text.USART_DMACmd
                0x00000000       0x3a ..\obj\stm32f0xx_usart.o
 .text.USART_DMAReceptionErrorConfig
                0x00000000       0x30 ..\obj\stm32f0xx_usart.o
 .text.USART_RequestCmd
                0x00000000       0x48 ..\obj\stm32f0xx_usart.o
 .text.USART_OverrunDetectionConfig
                0x00000000       0x30 ..\obj\stm32f0xx_usart.o
 .text          0x00000000        0x0 ..\obj\stm32f0xx_tim.o
 .data          0x00000000        0x0 ..\obj\stm32f0xx_tim.o
 .bss           0x00000000        0x0 ..\obj\stm32f0xx_tim.o
 .text.TIM_DeInit
                0x00000000      0x124 ..\obj\stm32f0xx_tim.o
 .text.TIM_TimeBaseInit
                0x00000000       0xf0 ..\obj\stm32f0xx_tim.o
 .text.TIM_TimeBaseStructInit
                0x00000000       0x30 ..\obj\stm32f0xx_tim.o
 .text.TIM_PrescalerConfig
                0x00000000       0x30 ..\obj\stm32f0xx_tim.o
 .text.TIM_CounterModeConfig
                0x00000000       0x54 ..\obj\stm32f0xx_tim.o
 .text.TIM_SetCounter
                0x00000000       0x18 ..\obj\stm32f0xx_tim.o
 .text.TIM_SetAutoreload
                0x00000000       0x18 ..\obj\stm32f0xx_tim.o
 .text.TIM_GetCounter
                0x00000000       0x14 ..\obj\stm32f0xx_tim.o
 .text.TIM_GetPrescaler
                0x00000000       0x16 ..\obj\stm32f0xx_tim.o
 .text.TIM_UpdateDisableConfig
                0x00000000       0x40 ..\obj\stm32f0xx_tim.o
 .text.TIM_UpdateRequestConfig
                0x00000000       0x40 ..\obj\stm32f0xx_tim.o
 .text.TIM_ARRPreloadConfig
                0x00000000       0x40 ..\obj\stm32f0xx_tim.o
 .text.TIM_SelectOnePulseMode
                0x00000000       0x38 ..\obj\stm32f0xx_tim.o
 .text.TIM_SetClockDivision
                0x00000000       0x3c ..\obj\stm32f0xx_tim.o
 .text.TIM_Cmd  0x00000000       0x40 ..\obj\stm32f0xx_tim.o
 .text.TIM_BDTRConfig
                0x00000000       0x4c ..\obj\stm32f0xx_tim.o
 .text.TIM_BDTRStructInit
                0x00000000       0x3a ..\obj\stm32f0xx_tim.o
 .text.TIM_CtrlPWMOutputs
                0x00000000       0x4c ..\obj\stm32f0xx_tim.o
 .text.TIM_OC1Init
                0x00000000      0x1a4 ..\obj\stm32f0xx_tim.o
 .text.TIM_OC2Init
                0x00000000      0x1b8 ..\obj\stm32f0xx_tim.o
 .text.TIM_OC3Init
                0x00000000      0x1a8 ..\obj\stm32f0xx_tim.o
 .text.TIM_OC4Init
                0x00000000      0x138 ..\obj\stm32f0xx_tim.o
 .text.TIM_OCStructInit
                0x00000000       0x40 ..\obj\stm32f0xx_tim.o
 .text.TIM_SelectOCxM
                0x00000000       0xd0 ..\obj\stm32f0xx_tim.o
 .text.TIM_SetCompare1
                0x00000000       0x18 ..\obj\stm32f0xx_tim.o
 .text.TIM_SetCompare2
                0x00000000       0x18 ..\obj\stm32f0xx_tim.o
 .text.TIM_SetCompare3
                0x00000000       0x18 ..\obj\stm32f0xx_tim.o
 .text.TIM_SetCompare4
                0x00000000       0x18 ..\obj\stm32f0xx_tim.o
 .text.TIM_ForcedOC1Config
                0x00000000       0x54 ..\obj\stm32f0xx_tim.o
 .text.TIM_ForcedOC2Config
                0x00000000       0x5c ..\obj\stm32f0xx_tim.o
 .text.TIM_ForcedOC3Config
                0x00000000       0x54 ..\obj\stm32f0xx_tim.o
 .text.TIM_ForcedOC4Config
                0x00000000       0x5c ..\obj\stm32f0xx_tim.o
 .text.TIM_CCPreloadControl
                0x00000000       0x40 ..\obj\stm32f0xx_tim.o
 .text.TIM_OC1PreloadConfig
                0x00000000       0x54 ..\obj\stm32f0xx_tim.o
 .text.TIM_OC2PreloadConfig
                0x00000000       0x5c ..\obj\stm32f0xx_tim.o
 .text.TIM_OC3PreloadConfig
                0x00000000       0x54 ..\obj\stm32f0xx_tim.o
 .text.TIM_OC4PreloadConfig
                0x00000000       0x5c ..\obj\stm32f0xx_tim.o
 .text.TIM_OC1FastConfig
                0x00000000       0x54 ..\obj\stm32f0xx_tim.o
 .text.TIM_OC2FastConfig
                0x00000000       0x5c ..\obj\stm32f0xx_tim.o
 .text.TIM_OC3FastConfig
                0x00000000       0x54 ..\obj\stm32f0xx_tim.o
 .text.TIM_OC4FastConfig
                0x00000000       0x5c ..\obj\stm32f0xx_tim.o
 .text.TIM_ClearOC1Ref
                0x00000000       0x54 ..\obj\stm32f0xx_tim.o
 .text.TIM_ClearOC2Ref
                0x00000000       0x58 ..\obj\stm32f0xx_tim.o
 .text.TIM_ClearOC3Ref
                0x00000000       0x54 ..\obj\stm32f0xx_tim.o
 .text.TIM_ClearOC4Ref
                0x00000000       0x58 ..\obj\stm32f0xx_tim.o
 .text.TIM_OC1PolarityConfig
                0x00000000       0x54 ..\obj\stm32f0xx_tim.o
 .text.TIM_OC1NPolarityConfig
                0x00000000       0x54 ..\obj\stm32f0xx_tim.o
 .text.TIM_OC2PolarityConfig
                0x00000000       0x58 ..\obj\stm32f0xx_tim.o
 .text.TIM_OC2NPolarityConfig
                0x00000000       0x58 ..\obj\stm32f0xx_tim.o
 .text.TIM_OC3PolarityConfig
                0x00000000       0x5c ..\obj\stm32f0xx_tim.o
 .text.TIM_OC3NPolarityConfig
                0x00000000       0x5c ..\obj\stm32f0xx_tim.o
 .text.TIM_OC4PolarityConfig
                0x00000000       0x5c ..\obj\stm32f0xx_tim.o
 .text.TIM_SelectOCREFClear
                0x00000000       0x38 ..\obj\stm32f0xx_tim.o
 .text.TIM_CCxCmd
                0x00000000       0x6a ..\obj\stm32f0xx_tim.o
 .text.TIM_CCxNCmd
                0x00000000       0x6a ..\obj\stm32f0xx_tim.o
 .text.TIM_SelectCOM
                0x00000000       0x40 ..\obj\stm32f0xx_tim.o
 .text.TIM_ICInit
                0x00000000       0xb0 ..\obj\stm32f0xx_tim.o
 .text.TIM_ICStructInit
                0x00000000       0x2e ..\obj\stm32f0xx_tim.o
 .text.TIM_PWMIConfig
                0x00000000       0xec ..\obj\stm32f0xx_tim.o
 .text.TIM_GetCapture1
                0x00000000       0x14 ..\obj\stm32f0xx_tim.o
 .text.TIM_GetCapture2
                0x00000000       0x14 ..\obj\stm32f0xx_tim.o
 .text.TIM_GetCapture3
                0x00000000       0x14 ..\obj\stm32f0xx_tim.o
 .text.TIM_GetCapture4
                0x00000000       0x14 ..\obj\stm32f0xx_tim.o
 .text.TIM_SetIC1Prescaler
                0x00000000       0x38 ..\obj\stm32f0xx_tim.o
 .text.TIM_SetIC2Prescaler
                0x00000000       0x40 ..\obj\stm32f0xx_tim.o
 .text.TIM_SetIC3Prescaler
                0x00000000       0x38 ..\obj\stm32f0xx_tim.o
 .text.TIM_SetIC4Prescaler
                0x00000000       0x40 ..\obj\stm32f0xx_tim.o
 .text.TIM_ITConfig
                0x00000000       0x52 ..\obj\stm32f0xx_tim.o
 .text.TIM_GenerateEvent
                0x00000000       0x1e ..\obj\stm32f0xx_tim.o
 .text.TIM_GetFlagStatus
                0x00000000       0x48 ..\obj\stm32f0xx_tim.o
 .text.TIM_ClearFlag
                0x00000000       0x22 ..\obj\stm32f0xx_tim.o
 .text.TIM_GetITStatus
                0x00000000       0x7e ..\obj\stm32f0xx_tim.o
 .text.TIM_ClearITPendingBit
                0x00000000       0x22 ..\obj\stm32f0xx_tim.o
 .text.TIM_DMAConfig
                0x00000000       0x32 ..\obj\stm32f0xx_tim.o
 .text.TIM_DMACmd
                0x00000000       0x52 ..\obj\stm32f0xx_tim.o
 .text.TIM_SelectCCDMA
                0x00000000       0x40 ..\obj\stm32f0xx_tim.o
 .text.TIM_InternalClockConfig
                0x00000000       0x20 ..\obj\stm32f0xx_tim.o
 .text.TIM_ITRxExternalClockConfig
                0x00000000       0x34 ..\obj\stm32f0xx_tim.o
 .text.TIM_TIxExternalClockConfig
                0x00000000       0x80 ..\obj\stm32f0xx_tim.o
 .text.TIM_ETRClockMode1Config
                0x00000000       0xa0 ..\obj\stm32f0xx_tim.o
 .text.TIM_ETRClockMode2Config
                0x00000000       0x56 ..\obj\stm32f0xx_tim.o
 .text.TIM_SelectInputTrigger
                0x00000000       0x54 ..\obj\stm32f0xx_tim.o
 .text.TIM_SelectOutputTrigger
                0x00000000       0x38 ..\obj\stm32f0xx_tim.o
 .text.TIM_SelectSlaveMode
                0x00000000       0x38 ..\obj\stm32f0xx_tim.o
 .text.TIM_SelectMasterSlaveMode
                0x00000000       0x38 ..\obj\stm32f0xx_tim.o
 .text.TIM_ETRConfig
                0x00000000       0x82 ..\obj\stm32f0xx_tim.o
 .text.TIM_EncoderInterfaceConfig
                0x00000000       0xfc ..\obj\stm32f0xx_tim.o
 .text.TIM_SelectHallSensor
                0x00000000       0x40 ..\obj\stm32f0xx_tim.o
 .text.TIM_RemapConfig
                0x00000000       0x20 ..\obj\stm32f0xx_tim.o
 .text.TI1_Config
                0x00000000       0xce ..\obj\stm32f0xx_tim.o
 .text.TI2_Config
                0x00000000       0xf8 ..\obj\stm32f0xx_tim.o
 .text.TI3_Config
                0x00000000       0xf0 ..\obj\stm32f0xx_tim.o
 .text.TI4_Config
                0x00000000      0x100 ..\obj\stm32f0xx_tim.o
 .debug_info    0x00000000     0x1c7a ..\obj\stm32f0xx_tim.o
 .debug_abbrev  0x00000000      0x1b0 ..\obj\stm32f0xx_tim.o
 .debug_aranges
                0x00000000      0x300 ..\obj\stm32f0xx_tim.o
 .debug_ranges  0x00000000      0x2f0 ..\obj\stm32f0xx_tim.o
 .debug_line    0x00000000      0xa9c ..\obj\stm32f0xx_tim.o
 .debug_str     0x00000000      0xde9 ..\obj\stm32f0xx_tim.o
 .comment       0x00000000       0x80 ..\obj\stm32f0xx_tim.o
 .debug_frame   0x00000000      0xbb0 ..\obj\stm32f0xx_tim.o
 .ARM.attributes
                0x00000000       0x31 ..\obj\stm32f0xx_tim.o
 .text          0x00000000        0x0 ..\obj\stm32f0xx_flash.o
 .data          0x00000000        0x0 ..\obj\stm32f0xx_flash.o
 .bss           0x00000000        0x0 ..\obj\stm32f0xx_flash.o
 .text.FLASH_SetLatency
                0x00000000       0x34 ..\obj\stm32f0xx_flash.o
 .text.FLASH_PrefetchBufferCmd
                0x00000000       0x3c ..\obj\stm32f0xx_flash.o
 .text.FLASH_GetPrefetchBufferStatus
                0x00000000       0x34 ..\obj\stm32f0xx_flash.o
 .text.FLASH_Unlock
                0x00000000       0x2c ..\obj\stm32f0xx_flash.o
 .text.FLASH_Lock
                0x00000000       0x1c ..\obj\stm32f0xx_flash.o
 .text.FLASH_ErasePage
                0x00000000       0x7c ..\obj\stm32f0xx_flash.o
 .text.FLASH_EraseAllPages
                0x00000000       0x68 ..\obj\stm32f0xx_flash.o
 .text.FLASH_ProgramWord
                0x00000000       0xb4 ..\obj\stm32f0xx_flash.o
 .text.FLASH_ProgramHalfWord
                0x00000000       0x78 ..\obj\stm32f0xx_flash.o
 .text.FLASH_OB_Unlock
                0x00000000       0x30 ..\obj\stm32f0xx_flash.o
 .text.FLASH_OB_Lock
                0x00000000       0x20 ..\obj\stm32f0xx_flash.o
 .text.FLASH_OB_Launch
                0x00000000       0x1c ..\obj\stm32f0xx_flash.o
 .text.FLASH_OB_Erase
                0x00000000       0xd8 ..\obj\stm32f0xx_flash.o
 .text.FLASH_OB_EnableWRP
                0x00000000       0xf4 ..\obj\stm32f0xx_flash.o
 .text.FLASH_OB_RDPConfig
                0x00000000       0xdc ..\obj\stm32f0xx_flash.o
 .text.FLASH_OB_UserConfig
                0x00000000       0xb0 ..\obj\stm32f0xx_flash.o
 .text.FLASH_OB_BOOTConfig
                0x00000000       0x8c ..\obj\stm32f0xx_flash.o
 .text.FLASH_OB_VDDAConfig
                0x00000000       0x8c ..\obj\stm32f0xx_flash.o
 .text.FLASH_OB_SRAMParityConfig
                0x00000000       0x8c ..\obj\stm32f0xx_flash.o
 .text.FLASH_OB_WriteUser
                0x00000000       0x8c ..\obj\stm32f0xx_flash.o
 .text.FLASH_OB_ProgramData
                0x00000000       0x84 ..\obj\stm32f0xx_flash.o
 .text.FLASH_OB_GetUser
                0x00000000       0x18 ..\obj\stm32f0xx_flash.o
 .text.FLASH_OB_GetWRP
                0x00000000       0x14 ..\obj\stm32f0xx_flash.o
 .text.FLASH_OB_GetRDP
                0x00000000       0x38 ..\obj\stm32f0xx_flash.o
 .text.FLASH_ITConfig
                0x00000000       0x40 ..\obj\stm32f0xx_flash.o
 .text.FLASH_GetFlagStatus
                0x00000000       0x40 ..\obj\stm32f0xx_flash.o
 .text.FLASH_ClearFlag
                0x00000000       0x1c ..\obj\stm32f0xx_flash.o
 .text.FLASH_GetStatus
                0x00000000       0x5c ..\obj\stm32f0xx_flash.o
 .text.FLASH_WaitForLastOperation
                0x00000000       0x5c ..\obj\stm32f0xx_flash.o
 .debug_info    0x00000000      0x7a1 ..\obj\stm32f0xx_flash.o
 .debug_abbrev  0x00000000      0x1ea ..\obj\stm32f0xx_flash.o
 .debug_aranges
                0x00000000      0x100 ..\obj\stm32f0xx_flash.o
 .debug_ranges  0x00000000       0xf0 ..\obj\stm32f0xx_flash.o
 .debug_line    0x00000000      0x4a9 ..\obj\stm32f0xx_flash.o
 .debug_str     0x00000000      0x583 ..\obj\stm32f0xx_flash.o
 .comment       0x00000000       0x80 ..\obj\stm32f0xx_flash.o
 .debug_frame   0x00000000      0x394 ..\obj\stm32f0xx_flash.o
 .ARM.attributes
                0x00000000       0x31 ..\obj\stm32f0xx_flash.o
 .text          0x00000000        0x0 ..\obj\stm32f0xx_misc.o
 .data          0x00000000        0x0 ..\obj\stm32f0xx_misc.o
 .bss           0x00000000        0x0 ..\obj\stm32f0xx_misc.o
 .text.NVIC_SystemLPConfig
                0x00000000       0x48 ..\obj\stm32f0xx_misc.o
 .text.SysTick_CLKSourceConfig
                0x00000000       0x34 ..\obj\stm32f0xx_misc.o
 .data          0x00000000        0x0 c:/program files (x86)/gnu tools arm embedded/6 2017-q2-update/bin/../lib/gcc/arm-none-eabi/6.3.1/thumb/v6-m\libgcc.a(_udivsi3.o)
 .bss           0x00000000        0x0 c:/program files (x86)/gnu tools arm embedded/6 2017-q2-update/bin/../lib/gcc/arm-none-eabi/6.3.1/thumb/v6-m\libgcc.a(_udivsi3.o)
 .data          0x00000000        0x0 c:/program files (x86)/gnu tools arm embedded/6 2017-q2-update/bin/../lib/gcc/arm-none-eabi/6.3.1/thumb/v6-m\libgcc.a(_dvmd_tls.o)
 .bss           0x00000000        0x0 c:/program files (x86)/gnu tools arm embedded/6 2017-q2-update/bin/../lib/gcc/arm-none-eabi/6.3.1/thumb/v6-m\libgcc.a(_dvmd_tls.o)

Memory Configuration

Name             Origin             Length             Attributes
rom              0x08000000         0x00004000         xr
ram              0x20000000         0x00001000         xrw
*default*        0x00000000         0xffffffff

Linker script and memory map

                0x20001000                _eram = 0x20001000

.text           0x08000000     0x1ba8
 *(.isr_vector)
 .isr_vector    0x08000000       0xc4 ..\obj\startup_stm32f0xx.o
                0x08000000                g_pfnVectors
 *(.text*)
 .text.RCC_GetClocksFreq
                0x080000c4      0x1e0 ..\obj\stm32f0xx_rcc.o
                0x080000c4                RCC_GetClocksFreq
 .text.RCC_AHBPeriphClockCmd
                0x080002a4       0x40 ..\obj\stm32f0xx_rcc.o
                0x080002a4                RCC_AHBPeriphClockCmd
 .text.RCC_APB1PeriphClockCmd
                0x080002e4       0x40 ..\obj\stm32f0xx_rcc.o
                0x080002e4                RCC_APB1PeriphClockCmd
 .text.NVIC_EnableIRQ
                0x08000324       0x2c ..\obj\main.o
 .text.NVIC_SetPriority
                0x08000350       0xdc ..\obj\main.o
 .text.SysTick_Config
                0x0800042c       0x4c ..\obj\main.o
 .text.blink_ON
                0x08000478       0x16 ..\obj\main.o
                0x08000478                blink_ON
 .text.blink_OFF
                0x0800048e       0x16 ..\obj\main.o
                0x0800048e                blink_OFF
 .text.pump_ON  0x080004a4       0x1c ..\obj\main.o
                0x080004a4                pump_ON
 .text.pump_OFF
                0x080004c0       0x1c ..\obj\main.o
                0x080004c0                pump_OFF
 .text.relay_ON
                0x080004dc       0x1c ..\obj\main.o
                0x080004dc                relay_ON
 .text.relay_OFF
                0x080004f8       0x1c ..\obj\main.o
                0x080004f8                relay_OFF
 .text.check_RAIN
                0x08000514       0x20 ..\obj\main.o
                0x08000514                check_RAIN
 .text.check_LEVEL
                0x08000534       0x20 ..\obj\main.o
                0x08000534                check_LEVEL
 .text.crc16    0x08000554       0xa4 ..\obj\main.o
                0x08000554                crc16
 .text.read_RS485
                0x080005f8       0x1a ..\obj\main.o
                0x080005f8                read_RS485
 .text.write_RS485
                0x08000612       0x1a ..\obj\main.o
                0x08000612                write_RS485
 .text.init_gpio
                0x0800062c       0xdc ..\obj\main.o
                0x0800062c                init_gpio
 .text.init_usart
                0x08000708       0x8c ..\obj\main.o
                0x08000708                init_usart
 .text.USART1_IRQHandler
                0x08000794       0xb4 ..\obj\main.o
                0x08000794                USART1_IRQHandler
 .text.work     0x08000848       0x48 ..\obj\main.o
                0x08000848                work
 .text.command  0x08000890       0xc0 ..\obj\main.o
                0x08000890                command
 .text.SysTick_Handler
                0x08000950       0x30 ..\obj\main.o
                0x08000950                SysTick_Handler
 .text.send_byte
                0x08000980       0x38 ..\obj\main.o
                0x08000980                send_byte
 .text.send_data
                0x080009b8       0x74 ..\obj\main.o
                0x080009b8                send_data
 .text.f_read   0x08000a2c      0x120 ..\obj\main.o
                0x08000a2c                f_read
 .text.f_write  0x08000b4c      0x1bc ..\obj\main.o
                0x08000b4c                f_write
 .text.f_test   0x08000d08       0xc4 ..\obj\main.o
                0x08000d08                f_test
 .text.f_reset  0x08000dcc       0xc4 ..\obj\main.o
                0x08000dcc                f_reset
 .text.convert_ascii_to_value
                0x08000e90      0x1c0 ..\obj\main.o
                0x08000e90                convert_ascii_to_value
 .text.convert_data_to_ascii
                0x08001050      0x16c ..\obj\main.o
                0x08001050                convert_data_to_ascii
 .text.main     0x080011bc       0x2c ..\obj\main.o
                0x080011bc                main
 .text.Reset_Handler
                0x080011e8       0x4c ..\obj\startup_stm32f0xx.o
                0x080011e8                Reset_Handler
 .text.Default_Handler
                0x08001234        0x2 ..\obj\startup_stm32f0xx.o
                0x08001234                TIM1_CC_IRQHandler
                0x08001234                HardFault_Handler
                0x08001234                ADC1_COMP_IRQHandler
                0x08001234                PVD_IRQHandler
                0x08001234                PendSV_Handler
                0x08001234                NMI_Handler
                0x08001234                I2C1_IRQHandler
                0x08001234                SPI1_IRQHandler
                0x08001234                TIM6_DAC_IRQHandler
                0x08001234                EXTI2_3_IRQHandler
                0x08001234                I2C2_IRQHandler
                0x08001234                TIM17_IRQHandler
                0x08001234                RTC_IRQHandler
                0x08001234                TIM16_IRQHandler
                0x08001234                TIM3_IRQHandler
                0x08001234                EXTI4_15_IRQHandler
                0x08001234                RCC_IRQHandler
                0x08001234                DMA1_Channel1_IRQHandler
                0x08001234                Default_Handler
                0x08001234                CEC_IRQHandler
                0x08001234                TIM14_IRQHandler
                0x08001234                DMA1_Channel4_5_IRQHandler
                0x08001234                TIM15_IRQHandler
                0x08001234                EXTI0_1_IRQHandler
                0x08001234                SPI2_IRQHandler
                0x08001234                SVC_Handler
                0x08001234                TS_IRQHandler
                0x08001234                WWDG_IRQHandler
                0x08001234                TIM2_IRQHandler
                0x08001234                DMA1_Channel2_3_IRQHandler
                0x08001234                USART2_IRQHandler
                0x08001234                FLASH_IRQHandler
                0x08001234                TIM1_BRK_UP_TRG_COM_IRQHandler
 *fill*         0x08001236        0x2 
 .text.SystemInit1
                0x08001238       0x8c ..\obj\system_stm32f0xx_temp.o
                0x08001238                SystemInit
                0x08001238                SystemInit1
 .text.SetSysClock1
                0x080012c4       0xe0 ..\obj\system_stm32f0xx_temp.o
                0x080012c4                SetSysClock
 .text.GPIO_Init
                0x080013a4      0x126 ..\obj\stm32f0xx_gpio.o
                0x080013a4                GPIO_Init
 .text.GPIO_ReadInputData
                0x080014ca       0x16 ..\obj\stm32f0xx_gpio.o
                0x080014ca                GPIO_ReadInputData
 .text.GPIO_SetBits
                0x080014e0       0x1e ..\obj\stm32f0xx_gpio.o
                0x080014e0                GPIO_SetBits
 .text.GPIO_ResetBits
                0x080014fe       0x1e ..\obj\stm32f0xx_gpio.o
                0x080014fe                GPIO_ResetBits
 .text.USART_Init
                0x0800151c      0x160 ..\obj\stm32f0xx_usart.o
                0x0800151c                USART_Init
 .text.USART_Cmd
                0x0800167c       0x3a ..\obj\stm32f0xx_usart.o
                0x0800167c                USART_Cmd
 .text.USART_SendData
                0x080016b6       0x24 ..\obj\stm32f0xx_usart.o
                0x080016b6                USART_SendData
 .text.USART_ReceiveData
                0x080016da       0x1c ..\obj\stm32f0xx_usart.o
                0x080016da                USART_ReceiveData
 .text.USART_ITConfig
                0x080016f6       0x84 ..\obj\stm32f0xx_usart.o
                0x080016f6                USART_ITConfig
 .text.USART_GetFlagStatus
                0x0800177a       0x3c ..\obj\stm32f0xx_usart.o
                0x0800177a                USART_GetFlagStatus
 .text.USART_ClearFlag
                0x080017b6       0x18 ..\obj\stm32f0xx_usart.o
                0x080017b6                USART_ClearFlag
 .text.USART_GetITStatus
                0x080017ce       0xae ..\obj\stm32f0xx_usart.o
                0x080017ce                USART_GetITStatus
 .text.USART_ClearITPendingBit
                0x0800187c       0x30 ..\obj\stm32f0xx_usart.o
                0x0800187c                USART_ClearITPendingBit
 .text.NVIC_Init
                0x080018ac       0xac ..\obj\stm32f0xx_misc.o
                0x080018ac                NVIC_Init
 .text          0x08001958      0x114 c:/program files (x86)/gnu tools arm embedded/6 2017-q2-update/bin/../lib/gcc/arm-none-eabi/6.3.1/thumb/v6-m\libgcc.a(_udivsi3.o)
                0x08001958                __aeabi_uidiv
                0x08001958                __udivsi3
                0x08001a64                __aeabi_uidivmod
 .text          0x08001a6c        0x4 c:/program files (x86)/gnu tools arm embedded/6 2017-q2-update/bin/../lib/gcc/arm-none-eabi/6.3.1/thumb/v6-m\libgcc.a(_dvmd_tls.o)
                0x08001a6c                __aeabi_idiv0
                0x08001a6c                __aeabi_ldiv0
 *(.init)
 *(.fini)
 *crtbegin.o(.ctors)
 *crtbegin?.o(.ctors)
 *(EXCLUDE_FILE(*crtend.o *crtend?.o) .ctors)
 *(SORT(.ctors.*))
 *(.ctors)
 *crtbegin.o(.dtors)
 *crtbegin?.o(.dtors)
 *(EXCLUDE_FILE(*crtend.o *crtend?.o) .dtors)
 *(SORT(.dtors.*))
 *(.dtors)
 *(.rodata*)
 .rodata        0x08001a70      0x138 ..\obj\main.o
 *(.eh_fram e*)

.glue_7         0x08001ba8        0x0
 .glue_7        0x08001ba8        0x0 linker stubs

.glue_7t        0x08001ba8        0x0
 .glue_7t       0x08001ba8        0x0 linker stubs

.vfp11_veneer   0x08001ba8        0x0
 .vfp11_veneer  0x08001ba8        0x0 linker stubs

.v4_bx          0x08001ba8        0x0
 .v4_bx         0x08001ba8        0x0 linker stubs

.iplt           0x08001ba8        0x0
 .iplt          0x08001ba8        0x0 ..\obj\stm32f0xx_rcc.o

.rel.dyn        0x08001ba8        0x0
 .rel.iplt      0x08001ba8        0x0 ..\obj\stm32f0xx_rcc.o

.ARM.extab
 *(.ARM.extab* .gnu.linkonce.armextab.*)
                0x08001ba8                __exidx_start = .

.ARM.exidx
 *(.ARM.exidx* .gnu.linkonce.armexidx.*)
                0x08001ba8                __exidx_end = .
                0x08001ba8                __etext = .
                0x08001ba8                _sidata = __etext

.data           0x20000000       0x24 load address 0x08001ba8
                0x20000000                __data_start__ = .
                0x20000000                _sdata = __data_start__
 *(vtable)
 *(.data*)
 .data          0x20000000       0x10 ..\obj\stm32f0xx_rcc.o
 .data          0x20000010       0x14 ..\obj\system_stm32f0xx_temp.o
                0x20000010                SystemCoreClock
                0x20000014                AHBPrescTable
                0x20000024                . = ALIGN (0x4)
                [!provide]                PROVIDE (__preinit_array_start, .)
 *(.preinit_array)
                [!provide]                PROVIDE (__preinit_array_end, .)
                0x20000024                . = ALIGN (0x4)
                [!provide]                PROVIDE (__init_array_start, .)
 *(SORT(.init_array.*))
 *(.init_array)
                [!provide]                PROVIDE (__init_array_end, .)
                0x20000024                . = ALIGN (0x4)
                [!provide]                PROVIDE (__fini_array_start, .)
 *(SORT(.fini_array.*))
 *(.fini_array)
                [!provide]                PROVIDE (__fini_array_end, .)
 *(.jcr*)
                0x20000024                . = ALIGN (0x4)
                0x20000024                __data_end__ = .
                0x20000024                _edata = __data_end__

.igot.plt       0x20000024        0x0 load address 0x08001bcc
 .igot.plt      0x20000024        0x0 ..\obj\stm32f0xx_rcc.o

.bss            0x20000024      0x1b4 load address 0x08001bcc
                0x20000024                . = ALIGN (0x4)
                0x20000024                __bss_start__ = .
                0x20000024                _sbss = __bss_start__
 *(.bss*)
 .bss           0x20000024       0x21 ..\obj\main.o
                0x20000024                index_buf
                0x20000028                addr_cam_32
                0x2000002c                time_interval_16
                0x20000030                time_washout_32
                0x20000034                time_pause_washout_32
                0x20000038                preset_washout_32
                0x2000003c                time_preset_washout_32
                0x20000040                sys_tick_cnt
                0x20000044                flag
 *(COMMON)
 *fill*         0x20000045        0x3 
 COMMON         0x20000048      0x190 ..\obj\main.o
                0x20000048                dirty_buf
                0x20000110                buf
                0x200001d8                . = ALIGN (0x4)
                0x200001d8                __bss_end__ = .
                0x200001d8                _ebss = __bss_end__

.heap           0x200001d8        0x0
                0x200001d8                __end__ = .
                0x200001d8                _end = __end__
                0x200001d8                end = __end__
 *(.heap*)
                0x200001d8                __HeapLimit = .

.co_stack       0x200001d8        0x0
                0x200001d8                . = ALIGN (0x8)
 *(.co_stack .co_stack.*)
                0x20001000                __StackTop = (ORIGIN (ram) + LENGTH (ram))
                0x20001000                __StackLimit = (__StackTop - SIZEOF (.co_stack))
                [!provide]                PROVIDE (__stack, __StackTop)
                0x00000001                ASSERT ((__StackLimit >= __HeapLimit), region ram  overflowed with stack)
LOAD ..\obj\stm32f0xx_rcc.o
LOAD ..\obj\main.o
LOAD ..\obj\startup_stm32f0xx.o
LOAD ..\obj\system_stm32f0xx_temp.o
LOAD ..\obj\stm32f0xx_gpio.o
LOAD ..\obj\stm32f0xx_usart.o
LOAD ..\obj\stm32f0xx_tim.o
LOAD ..\obj\stm32f0xx_flash.o
LOAD ..\obj\stm32f0xx_misc.o
START GROUP
LOAD c:/program files (x86)/gnu tools arm embedded/6 2017-q2-update/bin/../lib/gcc/arm-none-eabi/6.3.1/thumb/v6-m\libgcc.a
LOAD c:/program files (x86)/gnu tools arm embedded/6 2017-q2-update/bin/../lib/gcc/arm-none-eabi/6.3.1/../../../../arm-none-eabi/lib/thumb/v6-m\libg.a
LOAD c:/program files (x86)/gnu tools arm embedded/6 2017-q2-update/bin/../lib/gcc/arm-none-eabi/6.3.1/../../../../arm-none-eabi/lib/thumb/v6-m\libc.a
END GROUP
OUTPUT(STM32F030F4P6.elf elf32-littlearm)

.debug_info     0x00000000     0x3851
 .debug_info    0x00000000      0x9d9 ..\obj\stm32f0xx_rcc.o
 .debug_info    0x000009d9     0x1320 ..\obj\main.o
 .debug_info    0x00001cf9       0xb3 ..\obj\startup_stm32f0xx.o
 .debug_info    0x00001dac      0x304 ..\obj\system_stm32f0xx_temp.o
 .debug_info    0x000020b0      0x5f2 ..\obj\stm32f0xx_gpio.o
 .debug_info    0x000026a2      0xe41 ..\obj\stm32f0xx_usart.o
 .debug_info    0x000034e3      0x36e ..\obj\stm32f0xx_misc.o

.debug_abbrev   0x00000000      0xb95
 .debug_abbrev  0x00000000      0x1ff ..\obj\stm32f0xx_rcc.o
 .debug_abbrev  0x000001ff      0x3ed ..\obj\main.o
 .debug_abbrev  0x000005ec       0x12 ..\obj\startup_stm32f0xx.o
 .debug_abbrev  0x000005fe      0x154 ..\obj\system_stm32f0xx_temp.o
 .debug_abbrev  0x00000752      0x196 ..\obj\stm32f0xx_gpio.o
 .debug_abbrev  0x000008e8      0x16f ..\obj\stm32f0xx_usart.o
 .debug_abbrev  0x00000a57      0x13e ..\obj\stm32f0xx_misc.o

.debug_aranges  0x00000000      0x538
 .debug_aranges
                0x00000000      0x150 ..\obj\stm32f0xx_rcc.o
 .debug_aranges
                0x00000150      0x140 ..\obj\main.o
 .debug_aranges
                0x00000290       0x28 ..\obj\startup_stm32f0xx.o
 .debug_aranges
                0x000002b8       0x30 ..\obj\system_stm32f0xx_temp.o
 .debug_aranges
                0x000002e8       0x80 ..\obj\stm32f0xx_gpio.o
 .debug_aranges
                0x00000368      0x1a0 ..\obj\stm32f0xx_usart.o
 .debug_aranges
                0x00000508       0x30 ..\obj\stm32f0xx_misc.o

.debug_ranges   0x00000000      0x4d0
 .debug_ranges  0x00000000      0x140 ..\obj\stm32f0xx_rcc.o
 .debug_ranges  0x00000140      0x130 ..\obj\main.o
 .debug_ranges  0x00000270       0x20 ..\obj\startup_stm32f0xx.o
 .debug_ranges  0x00000290       0x20 ..\obj\system_stm32f0xx_temp.o
 .debug_ranges  0x000002b0       0x70 ..\obj\stm32f0xx_gpio.o
 .debug_ranges  0x00000320      0x190 ..\obj\stm32f0xx_usart.o
 .debug_ranges  0x000004b0       0x20 ..\obj\stm32f0xx_misc.o

.debug_line     0x00000000     0x1b75
 .debug_line    0x00000000      0x55d ..\obj\stm32f0xx_rcc.o
 .debug_line    0x0000055d      0x7d1 ..\obj\main.o
 .debug_line    0x00000d2e       0xb0 ..\obj\startup_stm32f0xx.o
 .debug_line    0x00000dde      0x1ec ..\obj\system_stm32f0xx_temp.o
 .debug_line    0x00000fca      0x32d ..\obj\stm32f0xx_gpio.o
 .debug_line    0x000012f7      0x619 ..\obj\stm32f0xx_usart.o
 .debug_line    0x00001910      0x265 ..\obj\stm32f0xx_misc.o

.debug_str      0x00000000     0x18d6
 .debug_str     0x00000000      0x6a8 ..\obj\stm32f0xx_rcc.o
                                0x741 (size before relaxing)
 .debug_str     0x000006a8      0x8f6 ..\obj\main.o
                                0xaa8 (size before relaxing)
 .debug_str     0x00000f9e       0x9f ..\obj\system_stm32f0xx_temp.o
                                0x297 (size before relaxing)
 .debug_str     0x0000103d      0x18b ..\obj\stm32f0xx_gpio.o
                                0x497 (size before relaxing)
 .debug_str     0x000011c8      0x656 ..\obj\stm32f0xx_usart.o
                                0x95e (size before relaxing)
 .debug_str     0x0000181e       0xb8 ..\obj\stm32f0xx_misc.o
                                0x301 (size before relaxing)

.comment        0x00000000       0x7f
 .comment       0x00000000       0x7f ..\obj\stm32f0xx_rcc.o
                                 0x80 (size before relaxing)
 .comment       0x0000007f       0x80 ..\obj\main.o
 .comment       0x0000007f       0x80 ..\obj\system_stm32f0xx_temp.o
 .comment       0x0000007f       0x80 ..\obj\stm32f0xx_gpio.o
 .comment       0x0000007f       0x80 ..\obj\stm32f0xx_usart.o
 .comment       0x0000007f       0x80 ..\obj\stm32f0xx_misc.o

.ARM.attributes
                0x00000000       0x2f
 .ARM.attributes
                0x00000000       0x31 ..\obj\stm32f0xx_rcc.o
 .ARM.attributes
                0x00000031       0x31 ..\obj\main.o
 .ARM.attributes
                0x00000062       0x21 ..\obj\startup_stm32f0xx.o
 .ARM.attributes
                0x00000083       0x31 ..\obj\system_stm32f0xx_temp.o
 .ARM.attributes
                0x000000b4       0x31 ..\obj\stm32f0xx_gpio.o
 .ARM.attributes
                0x000000e5       0x31 ..\obj\stm32f0xx_usart.o
 .ARM.attributes
                0x00000116       0x31 ..\obj\stm32f0xx_misc.o
 .ARM.attributes
                0x00000147       0x1e c:/program files (x86)/gnu tools arm embedded/6 2017-q2-update/bin/../lib/gcc/arm-none-eabi/6.3.1/thumb/v6-m\libgcc.a(_udivsi3.o)
 .ARM.attributes
                0x00000165       0x1e c:/program files (x86)/gnu tools arm embedded/6 2017-q2-update/bin/../lib/gcc/arm-none-eabi/6.3.1/thumb/v6-m\libgcc.a(_dvmd_tls.o)

.debug_frame    0x00000000     0x1230
 .debug_frame   0x00000000      0x4e4 ..\obj\stm32f0xx_rcc.o
 .debug_frame   0x000004e4      0x470 ..\obj\main.o
 .debug_frame   0x00000954       0x6c ..\obj\system_stm32f0xx_temp.o
 .debug_frame   0x000009c0      0x1b0 ..\obj\stm32f0xx_gpio.o
 .debug_frame   0x00000b70      0x630 ..\obj\stm32f0xx_usart.o
 .debug_frame   0x000011a0       0x70 ..\obj\stm32f0xx_misc.o
 .debug_frame   0x00001210       0x20 c:/program files (x86)/gnu tools arm embedded/6 2017-q2-update/bin/../lib/gcc/arm-none-eabi/6.3.1/thumb/v6-m\libgcc.a(_udivsi3.o)
